// Jest Snapshot v1, https://goo.gl/fbAQLP

exports[`component renders correctly 1`] = `
<DocumentFragment>
  <div
    class="App"
  >
    <header
      class="App-header"
    >
      <h2>
        Surreal Estate
      </h2>
    </header>
  </div>
</DocumentFragment>
`;
